../STM32F446xx_Drive/EXTI_prg.c:14:6:EXTI0_IRQHandler	8	static
../STM32F446xx_Drive/EXTI_prg.c:22:6:EXTI1_IRQHandler	8	static
../STM32F446xx_Drive/EXTI_prg.c:31:6:EXTI2_IRQHandler	8	static
../STM32F446xx_Drive/EXTI_prg.c:40:6:EXTI3_IRQHandler	8	static
../STM32F446xx_Drive/EXTI_prg.c:49:6:EXTI_Init	24	static
../STM32F446xx_Drive/EXTI_prg.c:91:6:EXTI_EnableInterrupt	16	static
../STM32F446xx_Drive/EXTI_prg.c:97:6:EXTI_DisableInterrupt	16	static
../STM32F446xx_Drive/EXTI_prg.c:103:6:EXTI_SetRisingEdge	16	static
../STM32F446xx_Drive/EXTI_prg.c:112:6:EXTI_SetFallingEdge	16	static
../STM32F446xx_Drive/EXTI_prg.c:121:6:EXTI_SetRisingFallingEdge	16	static
../STM32F446xx_Drive/EXTI_prg.c:131:6:EXTI_SetSWPendingFlag	16	static
../STM32F446xx_Drive/EXTI_prg.c:137:6:EXTI_ClearPendingFlag	16	static
../STM32F446xx_Drive/EXTI_prg.c:143:6:EXTI_ReadPendingFlag	16	static
../STM32F446xx_Drive/EXTI_prg.c:148:6:EXTI_SetCallBack	16	static
../STM32F446xx_Drive/EXTI_prg.c:152:6:EXTI_vSetEXTI_LineOnPort	16	static
