Archive member included to satisfy reference by file (symbol)

C:/ST/STM32CubeIDE_1.13.1/STM32CubeIDE/plugins/com.st.stm32cube.ide.mcu.externaltools.gnu-tools-for-stm32.11.3.rel1.win32_1.1.0.202305231506/tools/bin/../lib/gcc/arm-none-eabi/11.3.1/../../../../arm-none-eabi/lib/thumb/v7e-m+fp/hard\libc_nano.a(libc_a-exit.o)
                              C:/ST/STM32CubeIDE_1.13.1/STM32CubeIDE/plugins/com.st.stm32cube.ide.mcu.externaltools.gnu-tools-for-stm32.11.3.rel1.win32_1.1.0.202305231506/tools/bin/../lib/gcc/arm-none-eabi/11.3.1/../../../../arm-none-eabi/lib/thumb/v7e-m+fp/hard/crt0.o (exit)
C:/ST/STM32CubeIDE_1.13.1/STM32CubeIDE/plugins/com.st.stm32cube.ide.mcu.externaltools.gnu-tools-for-stm32.11.3.rel1.win32_1.1.0.202305231506/tools/bin/../lib/gcc/arm-none-eabi/11.3.1/../../../../arm-none-eabi/lib/thumb/v7e-m+fp/hard\libc_nano.a(libc_a-findfp.o)
                              C:/ST/STM32CubeIDE_1.13.1/STM32CubeIDE/plugins/com.st.stm32cube.ide.mcu.externaltools.gnu-tools-for-stm32.11.3.rel1.win32_1.1.0.202305231506/tools/bin/../lib/gcc/arm-none-eabi/11.3.1/../../../../arm-none-eabi/lib/thumb/v7e-m+fp/hard\libc_nano.a(libc_a-exit.o) (__stdio_exit_handler)
C:/ST/STM32CubeIDE_1.13.1/STM32CubeIDE/plugins/com.st.stm32cube.ide.mcu.externaltools.gnu-tools-for-stm32.11.3.rel1.win32_1.1.0.202305231506/tools/bin/../lib/gcc/arm-none-eabi/11.3.1/../../../../arm-none-eabi/lib/thumb/v7e-m+fp/hard\libc_nano.a(libc_a-fwalk.o)
                              C:/ST/STM32CubeIDE_1.13.1/STM32CubeIDE/plugins/com.st.stm32cube.ide.mcu.externaltools.gnu-tools-for-stm32.11.3.rel1.win32_1.1.0.202305231506/tools/bin/../lib/gcc/arm-none-eabi/11.3.1/../../../../arm-none-eabi/lib/thumb/v7e-m+fp/hard\libc_nano.a(libc_a-findfp.o) (_fwalk_sglue)
C:/ST/STM32CubeIDE_1.13.1/STM32CubeIDE/plugins/com.st.stm32cube.ide.mcu.externaltools.gnu-tools-for-stm32.11.3.rel1.win32_1.1.0.202305231506/tools/bin/../lib/gcc/arm-none-eabi/11.3.1/../../../../arm-none-eabi/lib/thumb/v7e-m+fp/hard\libc_nano.a(libc_a-stdio.o)
                              C:/ST/STM32CubeIDE_1.13.1/STM32CubeIDE/plugins/com.st.stm32cube.ide.mcu.externaltools.gnu-tools-for-stm32.11.3.rel1.win32_1.1.0.202305231506/tools/bin/../lib/gcc/arm-none-eabi/11.3.1/../../../../arm-none-eabi/lib/thumb/v7e-m+fp/hard\libc_nano.a(libc_a-findfp.o) (__sread)
C:/ST/STM32CubeIDE_1.13.1/STM32CubeIDE/plugins/com.st.stm32cube.ide.mcu.externaltools.gnu-tools-for-stm32.11.3.rel1.win32_1.1.0.202305231506/tools/bin/../lib/gcc/arm-none-eabi/11.3.1/../../../../arm-none-eabi/lib/thumb/v7e-m+fp/hard\libc_nano.a(libc_a-memset.o)
                              C:/ST/STM32CubeIDE_1.13.1/STM32CubeIDE/plugins/com.st.stm32cube.ide.mcu.externaltools.gnu-tools-for-stm32.11.3.rel1.win32_1.1.0.202305231506/tools/bin/../lib/gcc/arm-none-eabi/11.3.1/../../../../arm-none-eabi/lib/thumb/v7e-m+fp/hard/crt0.o (memset)
C:/ST/STM32CubeIDE_1.13.1/STM32CubeIDE/plugins/com.st.stm32cube.ide.mcu.externaltools.gnu-tools-for-stm32.11.3.rel1.win32_1.1.0.202305231506/tools/bin/../lib/gcc/arm-none-eabi/11.3.1/../../../../arm-none-eabi/lib/thumb/v7e-m+fp/hard\libc_nano.a(libc_a-closer.o)
                              C:/ST/STM32CubeIDE_1.13.1/STM32CubeIDE/plugins/com.st.stm32cube.ide.mcu.externaltools.gnu-tools-for-stm32.11.3.rel1.win32_1.1.0.202305231506/tools/bin/../lib/gcc/arm-none-eabi/11.3.1/../../../../arm-none-eabi/lib/thumb/v7e-m+fp/hard\libc_nano.a(libc_a-stdio.o) (_close_r)
C:/ST/STM32CubeIDE_1.13.1/STM32CubeIDE/plugins/com.st.stm32cube.ide.mcu.externaltools.gnu-tools-for-stm32.11.3.rel1.win32_1.1.0.202305231506/tools/bin/../lib/gcc/arm-none-eabi/11.3.1/../../../../arm-none-eabi/lib/thumb/v7e-m+fp/hard\libc_nano.a(libc_a-reent.o)
                              C:/ST/STM32CubeIDE_1.13.1/STM32CubeIDE/plugins/com.st.stm32cube.ide.mcu.externaltools.gnu-tools-for-stm32.11.3.rel1.win32_1.1.0.202305231506/tools/bin/../lib/gcc/arm-none-eabi/11.3.1/../../../../arm-none-eabi/lib/thumb/v7e-m+fp/hard\libc_nano.a(libc_a-closer.o) (errno)
C:/ST/STM32CubeIDE_1.13.1/STM32CubeIDE/plugins/com.st.stm32cube.ide.mcu.externaltools.gnu-tools-for-stm32.11.3.rel1.win32_1.1.0.202305231506/tools/bin/../lib/gcc/arm-none-eabi/11.3.1/../../../../arm-none-eabi/lib/thumb/v7e-m+fp/hard\libc_nano.a(libc_a-impure.o)
                              C:/ST/STM32CubeIDE_1.13.1/STM32CubeIDE/plugins/com.st.stm32cube.ide.mcu.externaltools.gnu-tools-for-stm32.11.3.rel1.win32_1.1.0.202305231506/tools/bin/../lib/gcc/arm-none-eabi/11.3.1/../../../../arm-none-eabi/lib/thumb/v7e-m+fp/hard\libc_nano.a(libc_a-reent.o) (_impure_ptr)
C:/ST/STM32CubeIDE_1.13.1/STM32CubeIDE/plugins/com.st.stm32cube.ide.mcu.externaltools.gnu-tools-for-stm32.11.3.rel1.win32_1.1.0.202305231506/tools/bin/../lib/gcc/arm-none-eabi/11.3.1/../../../../arm-none-eabi/lib/thumb/v7e-m+fp/hard\libc_nano.a(libc_a-lseekr.o)
[...]
Memory Configuration

Name             Origin             Length             Attributes
RAM              0x0000000020000000 0x0000000000020000 xrw
FLASH            0x0000000008000000 0x0000000000080000 xr
*default*        0x0000000000000000 0xffffffffffffffff

Linker script and memory map

LOAD C:/ST/STM32CubeIDE_1.13.1/STM32CubeIDE/plugins/com.st.stm32cube.ide.mcu.externaltools.gnu-tools-for-stm32.11.3.rel1.win32_1.1.0.202305231506/tools/bin/../lib/gcc/arm-none-eabi/11.3.1/thumb/v7e-m+fp/hard/crti.o
LOAD C:/ST/STM32CubeIDE_1.13.1/STM32CubeIDE/plugins/com.st.stm32cube.ide.mcu.externaltools.gnu-tools-for-stm32.11.3.rel1.win32_1.1.0.202305231506/tools/bin/../lib/gcc/arm-none-eabi/11.3.1/thumb/v7e-m+fp/hard/crtbegin.o
LOAD C:/ST/STM32CubeIDE_1.13.1/STM32CubeIDE/plugins/com.st.stm32cube.ide.mcu.externaltools.gnu-tools-for-stm32.11.3.rel1.win32_1.1.0.202305231506/tools/bin/../lib/gcc/arm-none-eabi/11.3.1/../../../../arm-none-eabi/lib/thumb/v7e-m+fp/hard/crt0.o
LOAD ./STM32F446xx_Drive/EXTI_prg.o
LOAD ./STM32F446xx_Drive/GPIO_prg.o
LOAD ./STM32F446xx_Drive/NVIC_Program.o
LOAD ./STM32F446xx_Drive/RCC_prg.o
LOAD ./STM32F446xx_Drive/SCB_Program.o
LOAD ./STM32F446xx_Drive/SPI_Program.o
LOAD ./STM32F446xx_Drive/SYSCFG_Program.o
LOAD ./STM32F446xx_Drive/SYSTICK_Program.o
LOAD ./STM32F446xx_Drive/USART_Program.o
LOAD ./Src/main.o
LOAD ./Src/syscalls.o
LOAD ./Src/sysmem.o
LOAD ./Startup/startup_stm32f446retx.o
START GROUP
LOAD C:/ST/STM32CubeIDE_1.13.1/STM32CubeIDE/plugins/com.st.stm32cube.ide.mcu.externaltools.gnu-tools-for-stm32.11.3.rel1.win32_1.1.0.202305231506/tools/bin/../lib/gcc/arm-none-eabi/11.3.1/../../../../arm-none-eabi/lib/thumb/v7e-m+fp/hard\libc_nano.a
LOAD C:/ST/STM32CubeIDE_1.13.1/STM32CubeIDE/plugins/com.st.stm32cube.ide.mcu.externaltools.gnu-tools-for-stm32.11.3.rel1.win32_1.1.0.202305231506/tools/bin/../lib/gcc/arm-none-eabi/11.3.1/../../../../arm-none-eabi/lib/thumb/v7e-m+fp/hard\libm.a
END GROUP
START GROUP
LOAD C:/ST/STM32CubeIDE_1.13.1/STM32CubeIDE/plugins/com.st.stm32cube.ide.mcu.externaltools.gnu-tools-for-stm32.11.3.rel1.win32_1.1.0.202305231506/tools/bin/../lib/gcc/arm-none-eabi/11.3.1/thumb/v7e-m+fp/hard\libgcc.a
LOAD C:/ST/STM32CubeIDE_1.13.1/STM32CubeIDE/plugins/com.st.stm32cube.ide.mcu.externaltools.gnu-tools-for-stm32.11.3.rel1.win32_1.1.0.202305231506/tools/bin/../lib/gcc/arm-none-eabi/11.3.1/../../../../arm-none-eabi/lib/thumb/v7e-m+fp/hard\libc_nano.a
END GROUP
START GROUP
LOAD C:/ST/STM32CubeIDE_1.13.1/STM32CubeIDE/plugins/com.st.stm32cube.ide.mcu.externaltools.gnu-tools-for-stm32.11.3.rel1.win32_1.1.0.202305231506/tools/bin/../lib/gcc/arm-none-eabi/11.3.1/thumb/v7e-m+fp/hard\libgcc.a
LOAD C:/ST/STM32CubeIDE_1.13.1/STM32CubeIDE/plugins/com.st.stm32cube.ide.mcu.externaltools.gnu-tools-for-stm32.11.3.rel1.win32_1.1.0.202305231506/tools/bin/../lib/gcc/arm-none-eabi/11.3.1/../../../../arm-none-eabi/lib/thumb/v7e-m+fp/hard\libc_nano.a
LOAD C:/ST/STM32CubeIDE_1.13.1/STM32CubeIDE/plugins/com.st.stm32cube.ide.mcu.externaltools.gnu-tools-for-stm32.11.3.rel1.win32_1.1.0.202305231506/tools/bin/../lib/gcc/arm-none-eabi/11.3.1/../../../../arm-none-eabi/lib/thumb/v7e-m+fp/hard\libnosys.a
END GROUP
START GROUP
LOAD C:/ST/STM32CubeIDE_1.13.1/STM32CubeIDE/plugins/com.st.stm32cube.ide.mcu.externaltools.gnu-tools-for-stm32.11.3.rel1.win32_1.1.0.202305231506/tools/bin/../lib/gcc/arm-none-eabi/11.3.1/thumb/v7e-m+fp/hard\libgcc.a
LOAD C:/ST/STM32CubeIDE_1.13.1/STM32CubeIDE/plugins/com.st.stm32cube.ide.mcu.externaltools.gnu-tools-for-stm32.11.3.rel1.win32_1.1.0.202305231506/tools/bin/../lib/gcc/arm-none-eabi/11.3.1/../../../../arm-none-eabi/lib/thumb/v7e-m+fp/hard\libc_nano.a
LOAD C:/ST/STM32CubeIDE_1.13.1/STM32CubeIDE/plugins/com.st.stm32cube.ide.mcu.externaltools.gnu-tools-for-stm32.11.3.rel1.win32_1.1.0.202305231506/tools/bin/../lib/gcc/arm-none-eabi/11.3.1/../../../../arm-none-eabi/lib/thumb/v7e-m+fp/hard\libnosys.a
END GROUP
LOAD C:/ST/STM32CubeIDE_1.13.1/STM32CubeIDE/plugins/com.st.stm32cube.ide.mcu.externaltools.gnu-tools-for-stm32.11.3.rel1.win32_1.1.0.202305231506/tools/bin/../lib/gcc/arm-none-eabi/11.3.1/thumb/v7e-m+fp/hard/crtend.o
LOAD C:/ST/STM32CubeIDE_1.13.1/STM32CubeIDE/plugins/com.st.stm32cube.ide.mcu.externaltools.gnu-tools-for-stm32.11.3.rel1.win32_1.1.0.202305231506/tools/bin/../lib/gcc/arm-none-eabi/11.3.1/thumb/v7e-m+fp/hard/crtn.o
                0x0000000020020000                _estack = (ORIGIN (RAM) + LENGTH (RAM))
                0x0000000000000200                _Min_Heap_Size = 0x200
                0x0000000000000400                _Min_Stack_Size = 0x400

.isr_vector     0x0000000008000000      0x1c4
                0x0000000008000000                . = ALIGN (0x4)
 *(.isr_vector)
 .isr_vector    0x0000000008000000      0x1c4 ./Startup/startup_stm32f446retx.o
                0x0000000008000000                g_pfnVectors
                0x00000000080001c4                . = ALIGN (0x4)

.text           0x00000000080001c4      0x274
                0x00000000080001c4                . = ALIGN (0x4)
 *(.text)
 .text          0x00000000080001c4       0x40 C:/ST/STM32CubeIDE_1.13.1/STM32CubeIDE/plugins/com.st.stm32cube.ide.mcu.externaltools.gnu-tools-for-stm32.11.3.rel1.win32_1.1.0.202305231506/tools/bin/../lib/gcc/arm-none-eabi/11.3.1/thumb/v7e-m+fp/hard/crtbegin.o
 *(.text*)
 .text.EXTI0_IRQHandler
                0x0000000008000204       0x20 ./STM32F446xx_Drive/EXTI_prg.o
                0x0000000008000204                EXTI0_IRQHandler
 .text.EXTI1_IRQHandler
                0x0000000008000224       0x20 ./STM32F446xx_Drive/EXTI_prg.o
                0x0000000008000224                EXTI1_IRQHandler
 .text.EXTI2_IRQHandler
                0x0000000008000244       0x20 ./STM32F446xx_Drive/EXTI_prg.o
                0x0000000008000244                EXTI2_IRQHandler
 .text.EXTI3_IRQHandler
                0x0000000008000264       0x1c ./STM32F446xx_Drive/EXTI_prg.o
                0x0000000008000264                EXTI3_IRQHandler
 .text.EXTI_ClearPendingFlag
                0x0000000008000280       0x44 ./STM32F446xx_Drive/EXTI_prg.o
                0x0000000008000280                EXTI_ClearPendingFlag
 .text.SPI1_IRQHandler
                0x00000000080002c4       0x5c ./STM32F446xx_Drive/SPI_Program.o
                0x00000000080002c4                SPI1_IRQHandler
 .text.SPI2_IRQHandler
                0x0000000008000320       0x5c ./STM32F446xx_Drive/SPI_Program.o
                0x0000000008000320                SPI2_IRQHandler
 .text.main     0x000000000800037c        0x6 ./Src/main.o
                0x000000000800037c                main
 *fill*         0x0000000008000382        0x2 
 .text.Reset_Handler
                0x0000000008000384       0x50 ./Startup/startup_stm32f446retx.o
                0x0000000008000384                Reset_Handler
 .text.Default_Handler
                0x00000000080003d4        0x2 ./Startup/startup_stm32f446retx.o
                0x00000000080003d4                RTC_Alarm_IRQHandler
                0x00000000080003d4                TIM8_CC_IRQHandler
                0x00000000080003d4                SPDIF_Rx_IRQHandler
                0x00000000080003d4                DebugMon_Handler
                0x00000000080003d4                SPI4_IRQHandler
                0x00000000080003d4                TIM1_CC_IRQHandler
                0x00000000080003d4                QuadSPI_IRQHandler
                0x00000000080003d4                DMA2_Stream5_IRQHandler
                0x00000000080003d4                HardFault_Handler
                0x00000000080003d4                DMA1_Stream5_IRQHandler
                0x00000000080003d4                SysTick_Handler
                0x00000000080003d4                PVD_IRQHandler
                0x00000000080003d4                SDIO_IRQHandler
                0x00000000080003d4                TAMP_STAMP_IRQHandler
                0x00000000080003d4                PendSV_Handler
                0x00000000080003d4                NMI_Handler
                0x00000000080003d4                CAN2_RX1_IRQHandler
                0x00000000080003d4                TIM8_TRG_COM_TIM14_IRQHandler
                0x00000000080003d4                TIM1_UP_TIM10_IRQHandler
                0x00000000080003d4                FMPI2C1_error_IRQHandler
                0x00000000080003d4                TIM8_UP_TIM13_IRQHandler
                0x00000000080003d4                I2C3_ER_IRQHandler
                0x00000000080003d4                I2C2_EV_IRQHandler
                0x00000000080003d4                DMA1_Stream2_IRQHandler
                0x00000000080003d4                CAN1_RX0_IRQHandler
                0x00000000080003d4                OTG_HS_WKUP_IRQHandler
                0x00000000080003d4                UsageFault_Handler
                0x00000000080003d4                CAN2_SCE_IRQHandler
                0x00000000080003d4                DMA2_Stream2_IRQHandler
                0x00000000080003d4                TIM6_DAC_IRQHandler
                0x00000000080003d4                TIM1_BRK_TIM9_IRQHandler
                0x00000000080003d4                DCMI_IRQHandler
                0x00000000080003d4                CAN2_RX0_IRQHandler
                0x00000000080003d4                DMA2_Stream3_IRQHandler
                0x00000000080003d4                FMPI2C1_IRQHandler
                0x00000000080003d4                SAI2_IRQHandler
                0x00000000080003d4                USART6_IRQHandler
                0x00000000080003d4                USART3_IRQHandler
                0x00000000080003d4                CAN1_RX1_IRQHandler
                0x00000000080003d4                UART5_IRQHandler
                0x00000000080003d4                DMA2_Stream0_IRQHandler
                0x00000000080003d4                TIM4_IRQHandler
                0x00000000080003d4                I2C1_EV_IRQHandler
                0x00000000080003d4                HDMI_CEC_IRQHandler
                0x00000000080003d4                DMA1_Stream6_IRQHandler
                0x00000000080003d4                DMA1_Stream1_IRQHandler
                0x00000000080003d4                UART4_IRQHandler
                0x00000000080003d4                TIM3_IRQHandler
                0x00000000080003d4                RCC_IRQHandler
                0x00000000080003d4                TIM8_BRK_TIM12_IRQHandler
                0x00000000080003d4                Default_Handler
                0x00000000080003d4                EXTI15_10_IRQHandler
                0x00000000080003d4                ADC_IRQHandler
                0x00000000080003d4                DMA1_Stream7_IRQHandler
                0x00000000080003d4                TIM7_IRQHandler
                0x00000000080003d4                CAN2_TX_IRQHandler
                0x00000000080003d4                TIM5_IRQHandler
                0x00000000080003d4                DMA2_Stream7_IRQHandler
                0x00000000080003d4                I2C3_EV_IRQHandler
                0x00000000080003d4                EXTI9_5_IRQHandler
                0x00000000080003d4                RTC_WKUP_IRQHandler
                0x00000000080003d4                OTG_HS_EP1_IN_IRQHandler
                0x00000000080003d4                MemManage_Handler
                0x00000000080003d4                DMA1_Stream0_IRQHandler
                0x00000000080003d4                CAN1_TX_IRQHandler
                0x00000000080003d4                SVC_Handler
                0x00000000080003d4                EXTI4_IRQHandler
                0x00000000080003d4                OTG_HS_EP1_OUT_IRQHandler
                0x00000000080003d4                WWDG_IRQHandler
                0x00000000080003d4                TIM2_IRQHandler
                0x00000000080003d4                OTG_FS_WKUP_IRQHandler
                0x00000000080003d4                TIM1_TRG_COM_TIM11_IRQHandler
                0x00000000080003d4                OTG_HS_IRQHandler
                0x00000000080003d4                USART2_IRQHandler
                0x00000000080003d4                I2C2_ER_IRQHandler
                0x00000000080003d4                DMA2_Stream1_IRQHandler
                0x00000000080003d4                CAN1_SCE_IRQHandler
                0x00000000080003d4                FLASH_IRQHandler
                0x00000000080003d4                DMA2_Stream4_IRQHandler
                0x00000000080003d4                BusFault_Handler
                0x00000000080003d4                USART1_IRQHandler
                0x00000000080003d4                OTG_FS_IRQHandler
                0x00000000080003d4                SPI3_IRQHandler
                0x00000000080003d4                DMA1_Stream4_IRQHandler
                0x00000000080003d4                I2C1_ER_IRQHandler
                0x00000000080003d4                FMC_IRQHandler
                0x00000000080003d4                DMA2_Stream6_IRQHandler
                0x00000000080003d4                SAI1_IRQHandler
                0x00000000080003d4                DMA1_Stream3_IRQHandler
 *fill*         0x00000000080003d6        0x2 
 .text.__libc_init_array
                0x00000000080003d8       0x48 C:/ST/STM32CubeIDE_1.13.1/STM32CubeIDE/plugins/com.st.stm32cube.ide.mcu.externaltools.gnu-tools-for-stm32.11.3.rel1.win32_1.1.0.202305231506/tools/bin/../lib/gcc/arm-none-eabi/11.3.1/../../../../arm-none-eabi/lib/thumb/v7e-m+fp/hard\libc_nano.a(libc_a-init.o)
                0x00000000080003d8                __libc_init_array
 *(.glue_7)
 .glue_7        0x0000000008000420        0x0 linker stubs
 *(.glue_7t)
 .glue_7t       0x0000000008000420        0x0 linker stubs
 *(.eh_frame)
 .eh_frame      0x0000000008000420        0x0 C:/ST/STM32CubeIDE_1.13.1/STM32CubeIDE/plugins/com.st.stm32cube.ide.mcu.externaltools.gnu-tools-for-stm32.11.3.rel1.win32_1.1.0.202305231506/tools/bin/../lib/gcc/arm-none-eabi/11.3.1/thumb/v7e-m+fp/hard/crtbegin.o
 *(.init)
 .init          0x0000000008000420        0x4 C:/ST/STM32CubeIDE_1.13.1/STM32CubeIDE/plugins/com.st.stm32cube.ide.mcu.externaltools.gnu-tools-for-stm32.11.3.rel1.win32_1.1.0.202305231506/tools/bin/../lib/gcc/arm-none-eabi/11.3.1/thumb/v7e-m+fp/hard/crti.o
                0x0000000008000420                _init
 .init          0x0000000008000424        0x8 C:/ST/STM32CubeIDE_1.13.1/STM32CubeIDE/plugins/com.st.stm32cube.ide.mcu.externaltools.gnu-tools-for-stm32.11.3.rel1.win32_1.1.0.202305231506/tools/bin/../lib/gcc/arm-none-eabi/11.3.1/thumb/v7e-m+fp/hard/crtn.o
 *(.fini)
 .fini          0x000000000800042c        0x4 C:/ST/STM32CubeIDE_1.13.1/STM32CubeIDE/plugins/com.st.stm32cube.ide.mcu.externaltools.gnu-tools-for-stm32.11.3.rel1.win32_1.1.0.202305231506/tools/bin/../lib/gcc/arm-none-eabi/11.3.1/thumb/v7e-m+fp/hard/crti.o
                0x000000000800042c                _fini
 .fini          0x0000000008000430        0x8 C:/ST/STM32CubeIDE_1.13.1/STM32CubeIDE/plugins/com.st.stm32cube.ide.mcu.externaltools.gnu-tools-for-stm32.11.3.rel1.win32_1.1.0.202305231506/tools/bin/../lib/gcc/arm-none-eabi/11.3.1/thumb/v7e-m+fp/hard/crtn.o
                0x0000000008000438                . = ALIGN (0x4)
                0x0000000008000438                _etext = .

.vfp11_veneer   0x0000000008000438        0x0
 .vfp11_veneer  0x0000000008000438        0x0 linker stubs

.v4_bx          0x0000000008000438        0x0
 .v4_bx         0x0000000008000438        0x0 linker stubs

.iplt           0x0000000008000438        0x0
 .iplt          0x0000000008000438        0x0 C:/ST/STM32CubeIDE_1.13.1/STM32CubeIDE/plugins/com.st.stm32cube.ide.mcu.externaltools.gnu-tools-for-stm32.11.3.rel1.win32_1.1.0.202305231506/tools/bin/../lib/gcc/arm-none-eabi/11.3.1/thumb/v7e-m+fp/hard/crtbegin.o

.rel.dyn        0x0000000008000438        0x0
 .rel.iplt      0x0000000008000438        0x0 C:/ST/STM32CubeIDE_1.13.1/STM32CubeIDE/plugins/com.st.stm32cube.ide.mcu.externaltools.gnu-tools-for-stm32.11.3.rel1.win32_1.1.0.202305231506/tools/bin/../lib/gcc/arm-none-eabi/11.3.1/thumb/v7e-m+fp/hard/crtbegin.o

.rodata         0x0000000008000438        0x0
                0x0000000008000438                . = ALIGN (0x4)
 *(.rodata)
 *(.rodata*)
                0x0000000008000438                . = ALIGN (0x4)

.ARM.extab      0x0000000008000438        0x0
                0x0000000008000438                . = ALIGN (0x4)
 *(.ARM.extab* .gnu.linkonce.armextab.*)
                0x0000000008000438                . = ALIGN (0x4)

.ARM            0x0000000008000438        0x0
                0x0000000008000438                . = ALIGN (0x4)
                0x0000000008000438                __exidx_start = .
 *(.ARM.exidx*)
                0x0000000008000438                __exidx_end = .
                0x0000000008000438                . = ALIGN (0x4)

.preinit_array  0x0000000008000438        0x0
                0x0000000008000438                . = ALIGN (0x4)
                0x0000000008000438                PROVIDE (__preinit_array_start = .)
 *(.preinit_array*)
                0x0000000008000438                PROVIDE (__preinit_array_end = .)
                0x0000000008000438                . = ALIGN (0x4)

.init_array     0x0000000008000438        0x4
                0x0000000008000438                . = ALIGN (0x4)
                0x0000000008000438                PROVIDE (__init_array_start = .)
 *(SORT_BY_NAME(.init_array.*))
 *(.init_array*)
 .init_array    0x0000000008000438        0x4 C:/ST/STM32CubeIDE_1.13.1/STM32CubeIDE/plugins/com.st.stm32cube.ide.mcu.externaltools.gnu-tools-for-stm32.11.3.rel1.win32_1.1.0.202305231506/tools/bin/../lib/gcc/arm-none-eabi/11.3.1/thumb/v7e-m+fp/hard/crtbegin.o
                0x000000000800043c                PROVIDE (__init_array_end = .)
                0x000000000800043c                . = ALIGN (0x4)

.fini_array     0x000000000800043c        0x4
                0x000000000800043c                . = ALIGN (0x4)
                [!provide]                        PROVIDE (__fini_array_start = .)
 *(SORT_BY_NAME(.fini_array.*))
 *(.fini_array*)
 .fini_array    0x000000000800043c        0x4 C:/ST/STM32CubeIDE_1.13.1/STM32CubeIDE/plugins/com.st.stm32cube.ide.mcu.externaltools.gnu-tools-for-stm32.11.3.rel1.win32_1.1.0.202305231506/tools/bin/../lib/gcc/arm-none-eabi/11.3.1/thumb/v7e-m+fp/hard/crtbegin.o
                [!provide]                        PROVIDE (__fini_array_end = .)
                0x0000000008000440                . = ALIGN (0x4)
                0x0000000008000440                _sidata = LOADADDR (.data)

.data           0x0000000020000000        0x0 load address 0x0000000008000440
                0x0000000020000000                . = ALIGN (0x4)
                0x0000000020000000                _sdata = .
 *(.data)
 *(.data*)
 *(.RamFunc)
 *(.RamFunc*)
                0x0000000020000000                . = ALIGN (0x4)
                0x0000000020000000                _edata = .

.igot.plt       0x0000000020000000        0x0 load address 0x0000000008000440
 .igot.plt      0x0000000020000000        0x0 C:/ST/STM32CubeIDE_1.13.1/STM32CubeIDE/plugins/com.st.stm32cube.ide.mcu.externaltools.gnu-tools-for-stm32.11.3.rel1.win32_1.1.0.202305231506/tools/bin/../lib/gcc/arm-none-eabi/11.3.1/thumb/v7e-m+fp/hard/crtbegin.o
                0x0000000020000000                . = ALIGN (0x4)

.bss            0x0000000020000000       0x7c load address 0x0000000008000440
                0x0000000020000000                _sbss = .
                0x0000000020000000                __bss_start__ = _sbss
 *(.bss)
 .bss           0x0000000020000000       0x1c C:/ST/STM32CubeIDE_1.13.1/STM32CubeIDE/plugins/com.st.stm32cube.ide.mcu.externaltools.gnu-tools-for-stm32.11.3.rel1.win32_1.1.0.202305231506/tools/bin/../lib/gcc/arm-none-eabi/11.3.1/thumb/v7e-m+fp/hard/crtbegin.o
 *(.bss*)
 .bss.Globalarr_EXTICallBack
                0x000000002000001c       0x58 ./STM32F446xx_Drive/EXTI_prg.o
                0x000000002000001c                Globalarr_EXTICallBack
 .bss.Global_SPI_Config
                0x0000000020000074        0x8 ./STM32F446xx_Drive/SPI_Program.o
                0x0000000020000074                Global_SPI_Config
 *(COMMON)
                0x000000002000007c                . = ALIGN (0x4)
                0x000000002000007c                _ebss = .
                0x000000002000007c                __bss_end__ = _ebss

._user_heap_stack
                0x000000002000007c      0x604 load address 0x0000000008000440
                0x0000000020000080                . = ALIGN (0x8)
 *fill*         0x000000002000007c        0x4 
                [!provide]                        PROVIDE (end = .)
                0x0000000020000080                PROVIDE (_end = .)
                0x0000000020000280                . = (. + _Min_Heap_Size)
 *fill*         0x0000000020000080      0x200 
                0x0000000020000680                . = (. + _Min_Stack_Size)
 *fill*         0x0000000020000280      0x400 
                0x0000000020000680                . = ALIGN (0x8)

/DISCARD/
 libc.a(*)
 libm.a(*)
 libgcc.a(*)

.ARM.attributes
                0x0000000000000000       0x30
 *(.ARM.attributes)
 .ARM.attributes
                0x0000000000000000       0x1e C:/ST/STM32CubeIDE_1.13.1/STM32CubeIDE/plugins/com.st.stm32cube.ide.mcu.externaltools.gnu-tools-for-stm32.11.3.rel1.win32_1.1.0.202305231506/tools/bin/../lib/gcc/arm-none-eabi/11.3.1/thumb/v7e-m+fp/hard/crti.o
 .ARM.attributes
                0x000000000000001e       0x34 C:/ST/STM32CubeIDE_1.13.1/STM32CubeIDE/plugins/com.st.stm32cube.ide.mcu.externaltools.gnu-tools-for-stm32.11.3.rel1.win32_1.1.0.202305231506/tools/bin/../lib/gcc/arm-none-eabi/11.3.1/thumb/v7e-m+fp/hard/crtbegin.o
 .ARM.attributes
                0x0000000000000052       0x34 ./STM32F446xx_Drive/EXTI_prg.o
 .ARM.attributes
                0x0000000000000086       0x34 ./STM32F446xx_Drive/SPI_Program.o
 .ARM.attributes
                0x00000000000000ba       0x34 ./Src/main.o
 .ARM.attributes
                0x00000000000000ee       0x21 ./Startup/startup_stm32f446retx.o
 .ARM.attributes
                0x000000000000010f       0x34 C:/ST/STM32CubeIDE_1.13.1/STM32CubeIDE/plugins/com.st.stm32cube.ide.mcu.externaltools.gnu-tools-for-stm32.11.3.rel1.win32_1.1.0.202305231506/tools/bin/../lib/gcc/arm-none-eabi/11.3.1/../../../../arm-none-eabi/lib/thumb/v7e-m+fp/hard\libc_nano.a(libc_a-init.o)
 .ARM.attributes
                0x0000000000000143       0x1e C:/ST/STM32CubeIDE_1.13.1/STM32CubeIDE/plugins/com.st.stm32cube.ide.mcu.externaltools.gnu-tools-for-stm32.11.3.rel1.win32_1.1.0.202305231506/tools/bin/../lib/gcc/arm-none-eabi/11.3.1/thumb/v7e-m+fp/hard/crtn.o
OUTPUT(Mega_Project_1_Nucleo.elf elf32-littlearm)
LOAD linker stubs
LOAD C:/ST/STM32CubeIDE_1.13.1/STM32CubeIDE/plugins/com.st.stm32cube.ide.mcu.externaltools.gnu-tools-for-stm32.11.3.rel1.win32_1.1.0.202305231506/tools/bin/../lib/gcc/arm-none-eabi/11.3.1/../../../../arm-none-eabi/lib/thumb/v7e-m+fp/hard\libc.a
LOAD C:/ST/STM32CubeIDE_1.13.1/STM32CubeIDE/plugins/com.st.stm32cube.ide.mcu.externaltools.gnu-tools-for-stm32.11.3.rel1.win32_1.1.0.202305231506/tools/bin/../lib/gcc/arm-none-eabi/11.3.1/../../../../arm-none-eabi/lib/thumb/v7e-m+fp/hard\libm.a
LOAD C:/ST/STM32CubeIDE_1.13.1/STM32CubeIDE/plugins/com.st.stm32cube.ide.mcu.externaltools.gnu-tools-for-stm32.11.3.rel1.win32_1.1.0.202305231506/tools/bin/../lib/gcc/arm-none-eabi/11.3.1/thumb/v7e-m+fp/hard\libgcc.a

.comment        0x0000000000000000       0x43
 .comment       0x0000000000000000       0x43 C:/ST/STM32CubeIDE_1.13.1/STM32CubeIDE/plugins/com.st.stm32cube.ide.mcu.externaltools.gnu-tools-for-stm32.11.3.rel1.win32_1.1.0.202305231506/tools/bin/../lib/gcc/arm-none-eabi/11.3.1/thumb/v7e-m+fp/hard/crtbegin.o
                                         0x44 (size before relaxing)
 .comment       0x0000000000000043       0x44 ./STM32F446xx_Drive/EXTI_prg.o
 .comment       0x0000000000000043       0x44 ./STM32F446xx_Drive/SPI_Program.o
 .comment       0x0000000000000043       0x44 ./Src/main.o

.debug_info     0x0000000000000000      0xd13
 .debug_info    0x0000000000000000      0x55d ./STM32F446xx_Drive/EXTI_prg.o
 .debug_info    0x000000000000055d      0x70c ./STM32F446xx_Drive/SPI_Program.o
 .debug_info    0x0000000000000c69       0x87 ./Src/main.o
 .debug_info    0x0000000000000cf0       0x23 ./Startup/startup_stm32f446retx.o

.debug_abbrev   0x0000000000000000      0x3c9
 .debug_abbrev  0x0000000000000000      0x161 ./STM32F446xx_Drive/EXTI_prg.o
 .debug_abbrev  0x0000000000000161      0x20f ./STM32F446xx_Drive/SPI_Program.o
 .debug_abbrev  0x0000000000000370       0x47 ./Src/main.o
 .debug_abbrev  0x00000000000003b7       0x12 ./Startup/startup_stm32f446retx.o

.debug_aranges  0x0000000000000000      0x128
 .debug_aranges
                0x0000000000000000       0x90 ./STM32F446xx_Drive/EXTI_prg.o
 .debug_aranges
                0x0000000000000090       0x50 ./STM32F446xx_Drive/SPI_Program.o
 .debug_aranges
                0x00000000000000e0       0x20 ./Src/main.o
 .debug_aranges
                0x0000000000000100       0x28 ./Startup/startup_stm32f446retx.o

.debug_rnglists
                0x0000000000000000       0xcc
 .debug_rnglists
                0x0000000000000000       0x68 ./STM32F446xx_Drive/EXTI_prg.o
 .debug_rnglists
                0x0000000000000068       0x38 ./STM32F446xx_Drive/SPI_Program.o
 .debug_rnglists
                0x00000000000000a0       0x13 ./Src/main.o
 .debug_rnglists
                0x00000000000000b3       0x19 ./Startup/startup_stm32f446retx.o

.debug_macro    0x0000000000000000     0x2120
 .debug_macro   0x0000000000000000      0x19f ./STM32F446xx_Drive/EXTI_prg.o
 .debug_macro   0x000000000000019f      0xab4 ./STM32F446xx_Drive/EXTI_prg.o
 .debug_macro   0x0000000000000c53       0x22 ./STM32F446xx_Drive/EXTI_prg.o
 .debug_macro   0x0000000000000c75       0x8e ./STM32F446xx_Drive/EXTI_prg.o
 .debug_macro   0x0000000000000d03       0x51 ./STM32F446xx_Drive/EXTI_prg.o
 .debug_macro   0x0000000000000d54      0x103 ./STM32F446xx_Drive/EXTI_prg.o
 .debug_macro   0x0000000000000e57       0x6a ./STM32F446xx_Drive/EXTI_prg.o
 .debug_macro   0x0000000000000ec1      0x1df ./STM32F446xx_Drive/EXTI_prg.o
 .debug_macro   0x00000000000010a0       0x2a ./STM32F446xx_Drive/EXTI_prg.o
 .debug_macro   0x00000000000010ca       0x61 ./STM32F446xx_Drive/EXTI_prg.o
 .debug_macro   0x000000000000112b       0x43 ./STM32F446xx_Drive/EXTI_prg.o
 .debug_macro   0x000000000000116e       0x34 ./STM32F446xx_Drive/EXTI_prg.o
 .debug_macro   0x00000000000011a2       0x16 ./STM32F446xx_Drive/EXTI_prg.o
 .debug_macro   0x00000000000011b8      0x10e ./STM32F446xx_Drive/EXTI_prg.o
 .debug_macro   0x00000000000012c6       0x8d ./STM32F446xx_Drive/EXTI_prg.o
 .debug_macro   0x0000000000001353       0x16 ./STM32F446xx_Drive/EXTI_prg.o
 .debug_macro   0x0000000000001369       0x43 ./STM32F446xx_Drive/EXTI_prg.o
 .debug_macro   0x00000000000013ac       0x34 ./STM32F446xx_Drive/EXTI_prg.o
 .debug_macro   0x00000000000013e0       0x10 ./STM32F446xx_Drive/EXTI_prg.o
 .debug_macro   0x00000000000013f0       0x58 ./STM32F446xx_Drive/EXTI_prg.o
 .debug_macro   0x0000000000001448       0x8e ./STM32F446xx_Drive/EXTI_prg.o
 .debug_macro   0x00000000000014d6       0x1c ./STM32F446xx_Drive/EXTI_prg.o
 .debug_macro   0x00000000000014f2      0x177 ./STM32F446xx_Drive/EXTI_prg.o
 .debug_macro   0x0000000000001669      0x369 ./STM32F446xx_Drive/EXTI_prg.o
 .debug_macro   0x00000000000019d2       0x16 ./STM32F446xx_Drive/EXTI_prg.o
 .debug_macro   0x00000000000019e8       0x29 ./STM32F446xx_Drive/EXTI_prg.o
 .debug_macro   0x0000000000001a11       0x1c ./STM32F446xx_Drive/EXTI_prg.o
 .debug_macro   0x0000000000001a2d       0x35 ./STM32F446xx_Drive/EXTI_prg.o
 .debug_macro   0x0000000000001a62       0x10 ./STM32F446xx_Drive/EXTI_prg.o
 .debug_macro   0x0000000000001a72       0x1c ./STM32F446xx_Drive/EXTI_prg.o
 .debug_macro   0x0000000000001a8e       0x16 ./STM32F446xx_Drive/EXTI_prg.o
 .debug_macro   0x0000000000001aa4      0x147 ./STM32F446xx_Drive/EXTI_prg.o
 .debug_macro   0x0000000000001beb      0x133 ./STM32F446xx_Drive/EXTI_prg.o
 .debug_macro   0x0000000000001d1e       0x22 ./STM32F446xx_Drive/EXTI_prg.o
 .debug_macro   0x0000000000001d40       0x1c ./STM32F446xx_Drive/EXTI_prg.o
 .debug_macro   0x0000000000001d5c      0x193 ./STM32F446xx_Drive/SPI_Program.o
 .debug_macro   0x0000000000001eef       0x5b ./STM32F446xx_Drive/SPI_Program.o
 .debug_macro   0x0000000000001f4a       0x94 ./STM32F446xx_Drive/SPI_Program.o
 .debug_macro   0x0000000000001fde       0x57 ./STM32F446xx_Drive/SPI_Program.o
 .debug_macro   0x0000000000002035       0x88 ./STM32F446xx_Drive/SPI_Program.o
 .debug_macro   0x00000000000020bd       0x63 ./Src/main.o

.debug_line     0x0000000000000000     0x1522
 .debug_line    0x0000000000000000      0x880 ./STM32F446xx_Drive/EXTI_prg.o
 .debug_line    0x0000000000000880      0x822 ./STM32F446xx_Drive/SPI_Program.o
 .debug_line    0x00000000000010a2      0x405 ./Src/main.o
 .debug_line    0x00000000000014a7       0x7b ./Startup/startup_stm32f446retx.o

.debug_str      0x0000000000000000     0x8a52
 .debug_str     0x0000000000000000     0x826a ./STM32F446xx_Drive/EXTI_prg.o
                                       0x846d (size before relaxing)
 .debug_str     0x000000000000826a      0x7a6 ./STM32F446xx_Drive/SPI_Program.o
                                       0x86c4 (size before relaxing)
 .debug_str     0x0000000000008a10       0x13 ./Src/main.o
                                       0x3ceb (size before relaxing)
 .debug_str     0x0000000000008a23       0x2f ./Startup/startup_stm32f446retx.o
                                         0x6a (size before relaxing)

.debug_frame    0x0000000000000000      0x3a0
 .debug_frame   0x0000000000000000      0x234 ./STM32F446xx_Drive/EXTI_prg.o
 .debug_frame   0x0000000000000234      0x118 ./STM32F446xx_Drive/SPI_Program.o
 .debug_frame   0x000000000000034c       0x28 ./Src/main.o
 .debug_frame   0x0000000000000374       0x2c C:/ST/STM32CubeIDE_1.13.1/STM32CubeIDE/plugins/com.st.stm32cube.ide.mcu.externaltools.gnu-tools-for-stm32.11.3.rel1.win32_1.1.0.202305231506/tools/bin/../lib/gcc/arm-none-eabi/11.3.1/../../../../arm-none-eabi/lib/thumb/v7e-m+fp/hard\libc_nano.a(libc_a-init.o)

.debug_line_str
                0x0000000000000000       0x5e
 .debug_line_str
                0x0000000000000000       0x5e ./Startup/startup_stm32f446retx.o
                                         0x76 (size before relaxing)
