../STM32F103xx_Drive/EXTI_prg.c:14:6:EXTI0_IRQHandler	8	static
../STM32F103xx_Drive/EXTI_prg.c:22:6:EXTI1_IRQHandler	8	static
../STM32F103xx_Drive/EXTI_prg.c:31:6:EXTI2_IRQHandler	8	static
../STM32F103xx_Drive/EXTI_prg.c:40:6:EXTI3_IRQHandler	8	static
../STM32F103xx_Drive/EXTI_prg.c:49:6:EXTI_Init	16	static
../STM32F103xx_Drive/EXTI_prg.c:87:6:EXTI_EnableInterrupt	16	static
../STM32F103xx_Drive/EXTI_prg.c:93:6:EXTI_DisableInterrupt	16	static
../STM32F103xx_Drive/EXTI_prg.c:99:6:EXTI_SetRisingEdge	16	static
../STM32F103xx_Drive/EXTI_prg.c:108:6:EXTI_SetFallingEdge	16	static
../STM32F103xx_Drive/EXTI_prg.c:117:6:EXTI_SetRisingFallingEdge	16	static
../STM32F103xx_Drive/EXTI_prg.c:127:6:EXTI_SetSWPendingFlag	16	static
../STM32F103xx_Drive/EXTI_prg.c:133:6:EXTI_ClearPendingFlag	16	static
../STM32F103xx_Drive/EXTI_prg.c:139:6:EXTI_ReadPendingFlag	16	static
../STM32F103xx_Drive/EXTI_prg.c:144:6:EXTI_SetCallBack	16	static
../STM32F103xx_Drive/EXTI_prg.c:148:6:EXTI_vSetEXTI_LineOnPort	16	static
