../STM32F103xx_Drive/SysTick_prg.c:12:6:SysTick_Handler	8	static
../STM32F103xx_Drive/SysTick_prg.c:25:6:STK_vInit	4	static
../STM32F103xx_Drive/SysTick_prg.c:36:6:STK_vStartTimer	16	static
../STM32F103xx_Drive/SysTick_prg.c:45:6:STK_vStopTimer	4	static
../STM32F103xx_Drive/SysTick_prg.c:55:6:STK_vSetBusyWait	16	static
../STM32F103xx_Drive/SysTick_prg.c:69:6:STK_vSetIntervalSingle	16	static
../STM32F103xx_Drive/SysTick_prg.c:83:6:STK_vSetIntervalPeriodic	16	static
../STM32F103xx_Drive/SysTick_prg.c:100:10:STK_vGetElapsedTime	4	static
../STM32F103xx_Drive/SysTick_prg.c:104:10:STK_vGetRemainingTime	4	static
