../Src/EXTI/SRC/EXTI_prg.c:16:6:EXTI0_IRQHandler	8	static
../Src/EXTI/SRC/EXTI_prg.c:24:6:EXTI1_IRQHandler	8	static
../Src/EXTI/SRC/EXTI_prg.c:33:6:EXTI2_IRQHandler	8	static
../Src/EXTI/SRC/EXTI_prg.c:42:6:EXTI3_IRQHandler	8	static
../Src/EXTI/SRC/EXTI_prg.c:51:6:EXTI_Init	24	static
../Src/EXTI/SRC/EXTI_prg.c:93:6:EXTI_EnableInterrupt	16	static
../Src/EXTI/SRC/EXTI_prg.c:99:6:EXTI_DisableInterrupt	16	static
../Src/EXTI/SRC/EXTI_prg.c:105:6:EXTI_SetRisingEdge	16	static
../Src/EXTI/SRC/EXTI_prg.c:114:6:EXTI_SetFallingEdge	16	static
../Src/EXTI/SRC/EXTI_prg.c:123:6:EXTI_SetRisingFallingEdge	16	static
../Src/EXTI/SRC/EXTI_prg.c:133:6:EXTI_SetSWPendingFlag	16	static
../Src/EXTI/SRC/EXTI_prg.c:139:6:EXTI_ClearPendingFlag	16	static
../Src/EXTI/SRC/EXTI_prg.c:145:6:EXTI_ReadPendingFlag	16	static
../Src/EXTI/SRC/EXTI_prg.c:150:6:EXTI_SetCallBack	16	static
../Src/EXTI/SRC/EXTI_prg.c:154:6:EXTI_vSetEXTI_LineOnPort	16	static
